# Copyright (c) 2026 Huawei Device Co., Ltd.
# Licensed under the Apache License, Version 2.0 (the "License");
# you may not use this file except in compliance with the License.
# See the License for the specific language governing permissions and
# limitations under the License.

{
  global:
    extern "C++" {
      *vtable*for*;
      *typeinfo*for*;
      *VTT*for*;
    };
  local:
    _ZTVNSt3__h15basic_stringbufIcNS_11char_traitsIcEENS_9allocatorIcEEEE;
    _ZTVNSt3__h18basic_stringstreamIcNS_11char_traitsIcEENS_9allocatorIcEEEE;
    _ZTTNSt3__h18basic_stringstreamIcNS_11char_traitsIcEENS_9allocatorIcEEEE;
    _ZTCNSt3__h18basic_stringstreamIcNS_11char_traitsIcEENS_9allocatorIcEEEE16_NS_13basic_ostreamIcS2_EE;
    _ZTCNSt3__h18basic_stringstreamIcNS_11char_traitsIcEENS_9allocatorIcEEEE0_NS_14basic_iostreamIcS2_EE;
    _ZTCNSt3__h18basic_stringstreamIcNS_11char_traitsIcEENS_9allocatorIcEEEE0_NS_13basic_istreamIcS2_EE;
    _ZTVNSt3__h13basic_filebufIcNS_11char_traitsIcEEEE;
    _ZTVNSt3__h14basic_ifstreamIcNS_11char_traitsIcEEEE;
    _ZTCNSt3__h14basic_ifstreamIcNS_11char_traitsIcEEEE0_NS_13basic_istreamIcS2_EE;
    _ZTTNSt3__h14basic_ifstreamIcNS_11char_traitsIcEEEE;
    _ZTCNSt3__h14basic_ofstreamIcNS_11char_traitsIcEEEE0_NS_13basic_ostreamIcS2_EE;
    _ZTVNSt3__h14basic_ofstreamIcNS_11char_traitsIcEEEE;
    _ZTTNSt3__h14basic_ofstreamIcNS_11char_traitsIcEEEE;
    _ZTVN4OHOS8Security17SecurityComponent10SaveButtonE;
    _ZTVN4OHOS8Security17SecurityComponent11PasteButtonE;
    _ZTVN4OHOS8Security17SecurityComponent11SecCompBaseE;
    _ZTVN4OHOS8Security17SecurityComponent14LocationButtonE;
    *;
};
